[html5.gamedistribution.com/rvvASMiM/36cf733b830c484e9f14743e2b376485/index5172.html]
[backblue.gif]
[fade.gif]
[index.html]
[html5.gamedistribution.com/rvvASMiM/36cf733b830c484e9f14743e2b376485/media/graphics/misc/favicon.ico]
[html5.gamedistribution.com/rvvASMiM/36cf733b830c484e9f14743e2b376485/game.css]
[html5.gamedistribution.com/rvvASMiM/36cf733b830c484e9f14743e2b376485/index5172.html]
[html5.gamedistribution.com/rvvASMiM/36cf733b830c484e9f14743e2b376485/media/graphics/sprites/title.png]
[html5.gamedistribution.com/rvvASMiM/36cf733b830c484e9f14743e2b376485/media/graphics/loading/ajax-loader.gif]
[html5.gamedistribution.com/rvvASMiM/36cf733b830c484e9f14743e2b376485/sample_600x600.png]
[html5.gamedistribution.com/rvvASMiM/36cf733b830c484e9f14743e2b376485/game.css]
[html5.gamedistribution.com/rvvASMiM/36cf733b830c484e9f14743e2b376485/media/graphics/generic-ad/light/close-button.png]
[html5.gamedistribution.com/rvvASMiM/36cf733b830c484e9f14743e2b376485/game.js]
[html5.gamedistribution.com/rvvASMiM/36cf733b830c484e9f14743e2b376485/src/Shaders/index.html]
[html5.gamedistribution.com/rvvASMiM/36cf733b830c484e9f14743e2b376485/index.html]
[html5.gamedistribution.com/rvvASMiM/36cf733b830c484e9f14743e2b376485/_py.jpg]
[html5.gamedistribution.com/rvvASMiM/36cf733b830c484e9f14743e2b376485/_pz.jpg]
[html5.gamedistribution.com/rvvASMiM/36cf733b830c484e9f14743e2b376485/_nx.jpg]
[html5.gamedistribution.com/rvvASMiM/36cf733b830c484e9f14743e2b376485/_ny.jpg]
[assets.babylonjs.com/environments/backgroundGround.png]
[preview.babylonjs.com/basisTranscoder/basis_transcoder.js]
[www.babylonjs.com/assets/Flare.png]
[www.google-analytics.com/analytics.js]
[html5.gamedistribution.com/rvvASMiM/36cf733b830c484e9f14743e2b376485/media/graphics/splash/loading.png]
[html5.gamedistribution.com/rvvASMiM/36cf733b830c484e9f14743e2b376485/media/graphics/sprites/button-continue.png]
[html5.gamedistribution.com/rvvASMiM/36cf733b830c484e9f14743e2b376485/media/graphics/sprites/icon-collected.png]
[html5.gamedistribution.com/rvvASMiM/36cf733b830c484e9f14743e2b376485/media/graphics/sprites/button-close.png]
[html5.gamedistribution.com/rvvASMiM/36cf733b830c484e9f14743e2b376485/media/graphics/sprites/button-reward.png]
[html5.gamedistribution.com/rvvASMiM/36cf733b830c484e9f14743e2b376485/media/graphics/sprites/bg-dailyreward.png]
[html5.gamedistribution.com/rvvASMiM/36cf733b830c484e9f14743e2b376485/media/graphics/sprites/reward-box.png]
[html5.gamedistribution.com/rvvASMiM/36cf733b830c484e9f14743e2b376485/media/graphics/sprites/button-reward-collect.png]
[html5.gamedistribution.com/rvvASMiM/36cf733b830c484e9f14743e2b376485/media/graphics/sprites/icon-coin.png]
[html5.gamedistribution.com/rvvASMiM/36cf733b830c484e9f14743e2b376485/media/graphics/sprites/icon-double-score.png]
[html5.gamedistribution.com/rvvASMiM/36cf733b830c484e9f14743e2b376485/media/graphics/sprites/icon-golden-ball.png]
[html5.gamedistribution.com/rvvASMiM/36cf733b830c484e9f14743e2b376485/branding/splash1.png]
[html5.gamedistribution.com/rvvASMiM/36cf733b830c484e9f14743e2b376485/media/graphics/misc/invisible.png]
[html5.gamedistribution.com/rvvASMiM/36cf733b830c484e9f14743e2b376485/branding/logo.png]
[html5.gamedistribution.com/rvvASMiM/36cf733b830c484e9f14743e2b376485/media/graphics/sprites/button-more-games.png]
[html5.gamedistribution.com/rvvASMiM/36cf733b830c484e9f14743e2b376485/media/graphics/opening/shield.png]
[html5.gamedistribution.com/rvvASMiM/36cf733b830c484e9f14743e2b376485/media/graphics/opening/m_icon.png]
[html5.gamedistribution.com/rvvASMiM/36cf733b830c484e9f14743e2b376485/media/graphics/opening/title.png]
[html5.gamedistribution.com/rvvASMiM/36cf733b830c484e9f14743e2b376485/media/graphics/opening/kitty.png]
[html5.gamedistribution.com/rvvASMiM/36cf733b830c484e9f14743e2b376485/media/graphics/opening/kittytitle.png]
[html5.gamedistribution.com/rvvASMiM/36cf733b830c484e9f14743e2b376485/media/graphics/sprites/button-settings.png]
[html5.gamedistribution.com/rvvASMiM/36cf733b830c484e9f14743e2b376485/media/graphics/sprites/button-a.png]
[html5.gamedistribution.com/rvvASMiM/36cf733b830c484e9f14743e2b376485/media/graphics/sprites/coin.png]
[html5.gamedistribution.com/rvvASMiM/36cf733b830c484e9f14743e2b376485/media/graphics/sprites/button-b.png]
[html5.gamedistribution.com/rvvASMiM/36cf733b830c484e9f14743e2b376485/media/graphics/sprites/button-maximize.png]
[html5.gamedistribution.com/rvvASMiM/36cf733b830c484e9f14743e2b376485/media/graphics/sprites/button-minimize.png]
[html5.gamedistribution.com/rvvASMiM/36cf733b830c484e9f14743e2b376485/media/graphics/sprites/slider-knot.png]
[html5.gamedistribution.com/rvvASMiM/36cf733b830c484e9f14743e2b376485/media/graphics/sprites/slider-fill.png]
[html5.gamedistribution.com/rvvASMiM/36cf733b830c484e9f14743e2b376485/media/graphics/sprites/slider-bg.png]
[html5.gamedistribution.com/rvvASMiM/36cf733b830c484e9f14743e2b376485/media/graphics/sprites/bg-popup.png]
[html5.gamedistribution.com/rvvASMiM/36cf733b830c484e9f14743e2b376485/media/graphics/sprites/button-home.png]
[html5.gamedistribution.com/rvvASMiM/36cf733b830c484e9f14743e2b376485/media/graphics/sprites/button-resume.png]
[html5.gamedistribution.com/rvvASMiM/36cf733b830c484e9f14743e2b376485/media/graphics/sprites/icon-bgm.png]
[html5.gamedistribution.com/rvvASMiM/36cf733b830c484e9f14743e2b376485/media/graphics/sprites/icon-sfx.png]
[html5.gamedistribution.com/rvvASMiM/36cf733b830c484e9f14743e2b376485/media/graphics/sprites/cannonicon.png]
[html5.gamedistribution.com/rvvASMiM/36cf733b830c484e9f14743e2b376485/media/graphics/sprites/bar-bg.png]
[html5.gamedistribution.com/rvvASMiM/36cf733b830c484e9f14743e2b376485/media/graphics/sprites/bar-fill-cannon.png]
[html5.api.gamedistribution.com/main.min.js]
[html5.gamedistribution.com/rvvASMiM/36cf733b830c484e9f14743e2b376485/media/graphics/sprites/bar-fill-level.png]
[html5.gamedistribution.com/rvvASMiM/36cf733b830c484e9f14743e2b376485/media/graphics/sprites/coin-small-outline.png]
[html5.gamedistribution.com/rvvASMiM/36cf733b830c484e9f14743e2b376485/media/graphics/sprites/hand.png]
[html5.gamedistribution.com/rvvASMiM/36cf733b830c484e9f14743e2b376485/media/graphics/sprites/coin-big.png]
[html5.gamedistribution.com/rvvASMiM/36cf733b830c484e9f14743e2b376485/media/graphics/sprites/button-pause.png]
[html5.gamedistribution.com/rvvASMiM/36cf733b830c484e9f14743e2b376485/media/graphics/sprites/powerup-wildshot.png]
[html5.gamedistribution.com/rvvASMiM/36cf733b830c484e9f14743e2b376485/media/graphics/sprites/powerup-laser.png]
[html5.gamedistribution.com/rvvASMiM/36cf733b830c484e9f14743e2b376485/media/graphics/sprites/button-zoom-in.png]
[html5.gamedistribution.com/rvvASMiM/36cf733b830c484e9f14743e2b376485/media/graphics/sprites/button-zoom-out.png]
[html5.gamedistribution.com/rvvASMiM/36cf733b830c484e9f14743e2b376485/media/graphics/sprites/score-bg.png]
[html5.gamedistribution.com/rvvASMiM/36cf733b830c484e9f14743e2b376485/media/graphics/sprites/button-next.png]
[html5.gamedistribution.com/rvvASMiM/36cf733b830c484e9f14743e2b376485/media/graphics/sprites/button-reward-light.png]
[html5.gamedistribution.com/rvvASMiM/36cf733b830c484e9f14743e2b376485/media/graphics/sprites/button-restart.png]
[html5.gamedistribution.com/rvvASMiM/36cf733b830c484e9f14743e2b376485/media/graphics/sprites/level-number-bg.png]
[html5.gamedistribution.com/rvvASMiM/36cf733b830c484e9f14743e2b376485/media/graphics/sprites/button-level-next.png]
[html5.gamedistribution.com/rvvASMiM/36cf733b830c484e9f14743e2b376485/media/graphics/sprites/button-level-prev.png]
[html5.gamedistribution.com/rvvASMiM/36cf733b830c484e9f14743e2b376485/media/graphics/sprites/button-level-first.png]
[html5.gamedistribution.com/rvvASMiM/36cf733b830c484e9f14743e2b376485/media/graphics/sprites/button-level-last.png]
[html5.gamedistribution.com/rvvASMiM/36cf733b830c484e9f14743e2b376485/media/graphics/sprites/button-home-small.png]
[html5.gamedistribution.com/rvvASMiM/36cf733b830c484e9f14743e2b376485/media/graphics/sprites/button-level-on.png]
[html5.gamedistribution.com/rvvASMiM/36cf733b830c484e9f14743e2b376485/media/graphics/sprites/button-level-off.png]
[html5.gamedistribution.com/rvvASMiM/36cf733b830c484e9f14743e2b376485/media/graphics/sprites/bg-grid-level-select.png]
[html5.gamedistribution.com/rvvASMiM/36cf733b830c484e9f14743e2b376485/media/graphics/sprites/page-number-bg.png]
[html5.gamedistribution.com/rvvASMiM/36cf733b830c484e9f14743e2b376485/media/scenes/waterbright.png]
[html5.gamedistribution.com/rvvASMiM/36cf733b830c484e9f14743e2b376485/game.js]
[html5.gamedistribution.com/rvvASMiM/36cf733b830c484e9f14743e2b376485/index.html]
